{
 "client:C.023030003030*2": [
  "C.0230300030303002"
 ],
 "client:*.023030003030*2": [
  "C.0230300030303002"
 ],
 "client:*30003030*2": [
  "C.0030300030303002",
  "C.0130300030303002",
  "C.0230300030303002",
  "C.0330300030303002"
 ],
 "client:C.02303*2": [
  "C.0230300030303002",
  "C.0230300130303002",
  "C.0230300230303002",
  "C.0230300330303002"
 ]
}