{
 "children": [
  {
   "components": [
    "A",
    "B",
    "C"
   ]
  },
  {
   "components": [
    "A",
    "B",
    "D"
   ]
  }
 ]
}