{
 "Deep Pathspec": "/shared/mnt/flat -\u003e /122683392 -\u003e Windows\\System32\\Config\\SYSTEM -\u003e /ControlSet001",
 "Normal path": "C:/Windows/System32"
}