NotExist -> ''
Inner.X -> ''
Inner2 -> 'String'
Inner.Y -> 'String'
Inner3 -> ''
Inner3.0 -> 'Foo'
Inner3.Foo -> ''
NilInner.X -> ''
Inner4.NotExist -> ''
Inner4.0 -> ''
Inner4.1 -> 'X'
Inner4.2 -> ''
Inner4.10 -> ''
Inner4.-10 -> ''
