{
 "zip_contents": {
  "file.txt": "hello world",
  "Custom.TestArtifactUpload.json": [
   {
    "upload(file=tmp, name=\"file.txt\")": {
     "Path": "file.txt",
     "Size": 11,
     "sha256": "b94d27b9934d3e08a52e52d7da7dabfac484efe37a5380ee9088f7ace2efcde9",
     "md5": "5eb63bbbe01eeed093cb22bb8f5acdc3"
    }
   }
  ]
 }
}