{
 "Multiple Keywords": {
  "message": "Ubuntu-22 gdm-autologin]: gkr-pam: no password is available for user",
  "timestamp": "Mar 27 10:49:14"
 }
}